../Core/Src/main.c:82:5:main	16	static
../Core/Src/main.c:148:6:SystemClock_Config	88	static
../Core/Src/main.c:198:13:MX_I2C1_Init	8	static
../Core/Src/main.c:232:13:MX_TIM1_Init	96	static
../Core/Src/main.c:307:13:MX_TIM2_Init	48	static
../Core/Src/main.c:365:13:MX_USART2_UART_Init	8	static
../Core/Src/main.c:398:13:MX_GPIO_Init	48	static
../Core/Src/main.c:438:6:Set_PWM_Frequency_Offset	32	static
../Core/Src/main.c:449:6:Init_LED_Driver	56	static
../Core/Src/main.c:482:6:Set_LED_Indicator	56	static
../Core/Src/main.c:553:6:Error_Handler	4	static,ignoring_inline_asm
